  Determining projects to restore...
C:\Users\Cherylou\GadgetVault\GadgetVault.csproj : warning NU1903: Package 'Microsoft.Build' 17.10.4 has a known high severity vulnerability, https://github.com/advisories/GHSA-w3q9-fxm7-j8fq [C:\Users\Cherylou\GadgetVault\GadgetVault.sln]
  All projects are up-to-date for restore.
C:\Users\Cherylou\GadgetVault\GadgetVault.csproj : warning NU1903: Package 'Microsoft.Build' 17.10.4 has a known high severity vulnerability, https://github.com/advisories/GHSA-w3q9-fxm7-j8fq
C:\Program Files\dotnet\sdk\10.0.201\Microsoft.Common.CurrentVersion.targets(5395,5): warning MSB3026: Could not copy "C:\Users\Cherylou\GadgetVault\obj\Debug\net10.0\apphost.exe" to "bin\Debug\net10.0\GadgetVault.exe". Beginning retry 1 in 1000ms. The process cannot access the file 'C:\Users\Cherylou\GadgetVault\bin\Debug\net10.0\GadgetVault.exe' because it is being used by another process. The file is locked by: "GadgetVault (16076)" [C:\Users\Cherylou\GadgetVault\GadgetVault.csproj]
C:\Program Files\dotnet\sdk\10.0.201\Microsoft.Common.CurrentVersion.targets(5395,5): warning MSB3026: Could not copy "C:\Users\Cherylou\GadgetVault\obj\Debug\net10.0\apphost.exe" to "bin\Debug\net10.0\GadgetVault.exe". Beginning retry 2 in 1000ms. The process cannot access the file 'C:\Users\Cherylou\GadgetVault\bin\Debug\net10.0\GadgetVault.exe' because it is being used by another process. The file is locked by: "GadgetVault (16076)" [C:\Users\Cherylou\GadgetVault\GadgetVault.csproj]
C:\Program Files\dotnet\sdk\10.0.201\Microsoft.Common.CurrentVersion.targets(5395,5): warning MSB3026: Could not copy "C:\Users\Cherylou\GadgetVault\obj\Debug\net10.0\apphost.exe" to "bin\Debug\net10.0\GadgetVault.exe". Beginning retry 3 in 1000ms. The process cannot access the file 'C:\Users\Cherylou\GadgetVault\bin\Debug\net10.0\GadgetVault.exe' because it is being used by another process. The file is locked by: "GadgetVault (16076)" [C:\Users\Cherylou\GadgetVault\GadgetVault.csproj]
C:\Program Files\dotnet\sdk\10.0.201\Microsoft.Common.CurrentVersion.targets(5395,5): warning MSB3026: Could not copy "C:\Users\Cherylou\GadgetVault\obj\Debug\net10.0\apphost.exe" to "bin\Debug\net10.0\GadgetVault.exe". Beginning retry 4 in 1000ms. The process cannot access the file 'C:\Users\Cherylou\GadgetVault\bin\Debug\net10.0\GadgetVault.exe' because it is being used by another process. The file is locked by: "GadgetVault (16076)" [C:\Users\Cherylou\GadgetVault\GadgetVault.csproj]
C:\Program Files\dotnet\sdk\10.0.201\Microsoft.Common.CurrentVersion.targets(5395,5): warning MSB3026: Could not copy "C:\Users\Cherylou\GadgetVault\obj\Debug\net10.0\apphost.exe" to "bin\Debug\net10.0\GadgetVault.exe". Beginning retry 5 in 1000ms. The process cannot access the file 'C:\Users\Cherylou\GadgetVault\bin\Debug\net10.0\GadgetVault.exe' because it is being used by another process. The file is locked by: "GadgetVault (16076)" [C:\Users\Cherylou\GadgetVault\GadgetVault.csproj]
C:\Program Files\dotnet\sdk\10.0.201\Microsoft.Common.CurrentVersion.targets(5395,5): warning MSB3026: Could not copy "C:\Users\Cherylou\GadgetVault\obj\Debug\net10.0\apphost.exe" to "bin\Debug\net10.0\GadgetVault.exe". Beginning retry 6 in 1000ms. The process cannot access the file 'C:\Users\Cherylou\GadgetVault\bin\Debug\net10.0\GadgetVault.exe' because it is being used by another process. The file is locked by: "GadgetVault (16076)" [C:\Users\Cherylou\GadgetVault\GadgetVault.csproj]
C:\Program Files\dotnet\sdk\10.0.201\Microsoft.Common.CurrentVersion.targets(5395,5): warning MSB3026: Could not copy "C:\Users\Cherylou\GadgetVault\obj\Debug\net10.0\apphost.exe" to "bin\Debug\net10.0\GadgetVault.exe". Beginning retry 7 in 1000ms. The process cannot access the file 'C:\Users\Cherylou\GadgetVault\bin\Debug\net10.0\GadgetVault.exe' because it is being used by another process. The file is locked by: "GadgetVault (16076)" [C:\Users\Cherylou\GadgetVault\GadgetVault.csproj]
C:\Program Files\dotnet\sdk\10.0.201\Microsoft.Common.CurrentVersion.targets(5395,5): warning MSB3026: Could not copy "C:\Users\Cherylou\GadgetVault\obj\Debug\net10.0\apphost.exe" to "bin\Debug\net10.0\GadgetVault.exe". Beginning retry 8 in 1000ms. The process cannot access the file 'C:\Users\Cherylou\GadgetVault\bin\Debug\net10.0\GadgetVault.exe' because it is being used by another process. The file is locked by: "GadgetVault (16076)" [C:\Users\Cherylou\GadgetVault\GadgetVault.csproj]
C:\Program Files\dotnet\sdk\10.0.201\Microsoft.Common.CurrentVersion.targets(5395,5): warning MSB3026: Could not copy "C:\Users\Cherylou\GadgetVault\obj\Debug\net10.0\apphost.exe" to "bin\Debug\net10.0\GadgetVault.exe". Beginning retry 9 in 1000ms. The process cannot access the file 'C:\Users\Cherylou\GadgetVault\bin\Debug\net10.0\GadgetVault.exe' because it is being used by another process. The file is locked by: "GadgetVault (16076)" [C:\Users\Cherylou\GadgetVault\GadgetVault.csproj]
C:\Program Files\dotnet\sdk\10.0.201\Microsoft.Common.CurrentVersion.targets(5395,5): warning MSB3026: Could not copy "C:\Users\Cherylou\GadgetVault\obj\Debug\net10.0\apphost.exe" to "bin\Debug\net10.0\GadgetVault.exe". Beginning retry 10 in 1000ms. The process cannot access the file 'C:\Users\Cherylou\GadgetVault\bin\Debug\net10.0\GadgetVault.exe' because it is being used by another process. The file is locked by: "GadgetVault (16076)" [C:\Users\Cherylou\GadgetVault\GadgetVault.csproj]
C:\Program Files\dotnet\sdk\10.0.201\Microsoft.Common.CurrentVersion.targets(5395,5): error MSB3027: Could not copy "C:\Users\Cherylou\GadgetVault\obj\Debug\net10.0\apphost.exe" to "bin\Debug\net10.0\GadgetVault.exe". Exceeded retry count of 10. Failed. The file is locked by: "GadgetVault (16076)" [C:\Users\Cherylou\GadgetVault\GadgetVault.csproj]
C:\Program Files\dotnet\sdk\10.0.201\Microsoft.Common.CurrentVersion.targets(5395,5): error MSB3021: Unable to copy file "C:\Users\Cherylou\GadgetVault\obj\Debug\net10.0\apphost.exe" to "bin\Debug\net10.0\GadgetVault.exe". The process cannot access the file 'C:\Users\Cherylou\GadgetVault\bin\Debug\net10.0\GadgetVault.exe' because it is being used by another process. [C:\Users\Cherylou\GadgetVault\GadgetVault.csproj]

Build FAILED.

C:\Users\Cherylou\GadgetVault\GadgetVault.csproj : warning NU1903: Package 'Microsoft.Build' 17.10.4 has a known high severity vulnerability, https://github.com/advisories/GHSA-w3q9-fxm7-j8fq [C:\Users\Cherylou\GadgetVault\GadgetVault.sln]
C:\Users\Cherylou\GadgetVault\GadgetVault.csproj : warning NU1903: Package 'Microsoft.Build' 17.10.4 has a known high severity vulnerability, https://github.com/advisories/GHSA-w3q9-fxm7-j8fq
C:\Program Files\dotnet\sdk\10.0.201\Microsoft.Common.CurrentVersion.targets(5395,5): warning MSB3026: Could not copy "C:\Users\Cherylou\GadgetVault\obj\Debug\net10.0\apphost.exe" to "bin\Debug\net10.0\GadgetVault.exe". Beginning retry 1 in 1000ms. The process cannot access the file 'C:\Users\Cherylou\GadgetVault\bin\Debug\net10.0\GadgetVault.exe' because it is being used by another process. The file is locked by: "GadgetVault (16076)" [C:\Users\Cherylou\GadgetVault\GadgetVault.csproj]
C:\Program Files\dotnet\sdk\10.0.201\Microsoft.Common.CurrentVersion.targets(5395,5): warning MSB3026: Could not copy "C:\Users\Cherylou\GadgetVault\obj\Debug\net10.0\apphost.exe" to "bin\Debug\net10.0\GadgetVault.exe". Beginning retry 2 in 1000ms. The process cannot access the file 'C:\Users\Cherylou\GadgetVault\bin\Debug\net10.0\GadgetVault.exe' because it is being used by another process. The file is locked by: "GadgetVault (16076)" [C:\Users\Cherylou\GadgetVault\GadgetVault.csproj]
C:\Program Files\dotnet\sdk\10.0.201\Microsoft.Common.CurrentVersion.targets(5395,5): warning MSB3026: Could not copy "C:\Users\Cherylou\GadgetVault\obj\Debug\net10.0\apphost.exe" to "bin\Debug\net10.0\GadgetVault.exe". Beginning retry 3 in 1000ms. The process cannot access the file 'C:\Users\Cherylou\GadgetVault\bin\Debug\net10.0\GadgetVault.exe' because it is being used by another process. The file is locked by: "GadgetVault (16076)" [C:\Users\Cherylou\GadgetVault\GadgetVault.csproj]
C:\Program Files\dotnet\sdk\10.0.201\Microsoft.Common.CurrentVersion.targets(5395,5): warning MSB3026: Could not copy "C:\Users\Cherylou\GadgetVault\obj\Debug\net10.0\apphost.exe" to "bin\Debug\net10.0\GadgetVault.exe". Beginning retry 4 in 1000ms. The process cannot access the file 'C:\Users\Cherylou\GadgetVault\bin\Debug\net10.0\GadgetVault.exe' because it is being used by another process. The file is locked by: "GadgetVault (16076)" [C:\Users\Cherylou\GadgetVault\GadgetVault.csproj]
C:\Program Files\dotnet\sdk\10.0.201\Microsoft.Common.CurrentVersion.targets(5395,5): warning MSB3026: Could not copy "C:\Users\Cherylou\GadgetVault\obj\Debug\net10.0\apphost.exe" to "bin\Debug\net10.0\GadgetVault.exe". Beginning retry 5 in 1000ms. The process cannot access the file 'C:\Users\Cherylou\GadgetVault\bin\Debug\net10.0\GadgetVault.exe' because it is being used by another process. The file is locked by: "GadgetVault (16076)" [C:\Users\Cherylou\GadgetVault\GadgetVault.csproj]
C:\Program Files\dotnet\sdk\10.0.201\Microsoft.Common.CurrentVersion.targets(5395,5): warning MSB3026: Could not copy "C:\Users\Cherylou\GadgetVault\obj\Debug\net10.0\apphost.exe" to "bin\Debug\net10.0\GadgetVault.exe". Beginning retry 6 in 1000ms. The process cannot access the file 'C:\Users\Cherylou\GadgetVault\bin\Debug\net10.0\GadgetVault.exe' because it is being used by another process. The file is locked by: "GadgetVault (16076)" [C:\Users\Cherylou\GadgetVault\GadgetVault.csproj]
C:\Program Files\dotnet\sdk\10.0.201\Microsoft.Common.CurrentVersion.targets(5395,5): warning MSB3026: Could not copy "C:\Users\Cherylou\GadgetVault\obj\Debug\net10.0\apphost.exe" to "bin\Debug\net10.0\GadgetVault.exe". Beginning retry 7 in 1000ms. The process cannot access the file 'C:\Users\Cherylou\GadgetVault\bin\Debug\net10.0\GadgetVault.exe' because it is being used by another process. The file is locked by: "GadgetVault (16076)" [C:\Users\Cherylou\GadgetVault\GadgetVault.csproj]
C:\Program Files\dotnet\sdk\10.0.201\Microsoft.Common.CurrentVersion.targets(5395,5): warning MSB3026: Could not copy "C:\Users\Cherylou\GadgetVault\obj\Debug\net10.0\apphost.exe" to "bin\Debug\net10.0\GadgetVault.exe". Beginning retry 8 in 1000ms. The process cannot access the file 'C:\Users\Cherylou\GadgetVault\bin\Debug\net10.0\GadgetVault.exe' because it is being used by another process. The file is locked by: "GadgetVault (16076)" [C:\Users\Cherylou\GadgetVault\GadgetVault.csproj]
C:\Program Files\dotnet\sdk\10.0.201\Microsoft.Common.CurrentVersion.targets(5395,5): warning MSB3026: Could not copy "C:\Users\Cherylou\GadgetVault\obj\Debug\net10.0\apphost.exe" to "bin\Debug\net10.0\GadgetVault.exe". Beginning retry 9 in 1000ms. The process cannot access the file 'C:\Users\Cherylou\GadgetVault\bin\Debug\net10.0\GadgetVault.exe' because it is being used by another process. The file is locked by: "GadgetVault (16076)" [C:\Users\Cherylou\GadgetVault\GadgetVault.csproj]
C:\Program Files\dotnet\sdk\10.0.201\Microsoft.Common.CurrentVersion.targets(5395,5): warning MSB3026: Could not copy "C:\Users\Cherylou\GadgetVault\obj\Debug\net10.0\apphost.exe" to "bin\Debug\net10.0\GadgetVault.exe". Beginning retry 10 in 1000ms. The process cannot access the file 'C:\Users\Cherylou\GadgetVault\bin\Debug\net10.0\GadgetVault.exe' because it is being used by another process. The file is locked by: "GadgetVault (16076)" [C:\Users\Cherylou\GadgetVault\GadgetVault.csproj]
C:\Program Files\dotnet\sdk\10.0.201\Microsoft.Common.CurrentVersion.targets(5395,5): error MSB3027: Could not copy "C:\Users\Cherylou\GadgetVault\obj\Debug\net10.0\apphost.exe" to "bin\Debug\net10.0\GadgetVault.exe". Exceeded retry count of 10. Failed. The file is locked by: "GadgetVault (16076)" [C:\Users\Cherylou\GadgetVault\GadgetVault.csproj]
C:\Program Files\dotnet\sdk\10.0.201\Microsoft.Common.CurrentVersion.targets(5395,5): error MSB3021: Unable to copy file "C:\Users\Cherylou\GadgetVault\obj\Debug\net10.0\apphost.exe" to "bin\Debug\net10.0\GadgetVault.exe". The process cannot access the file 'C:\Users\Cherylou\GadgetVault\bin\Debug\net10.0\GadgetVault.exe' because it is being used by another process. [C:\Users\Cherylou\GadgetVault\GadgetVault.csproj]
    12 Warning(s)
    2 Error(s)

Time Elapsed 00:00:14.20
